INFO:werkzeug:[31m[1mWARNING: This is a development server. Do not use it in a production deployment. Use a production WSGI server instead.[0m
 * Running on http://127.0.0.1:8080
INFO:werkzeug:[33mPress CTRL+C to quit[0m
INFO:werkzeug: * Restarting with watchdog (windowsapi)
WARNING:werkzeug: * Debugger is active!
INFO:werkzeug: * Debugger PIN: 389-734-814
INFO:werkzeug:[31m[1mWARNING: This is a development server. Do not use it in a production deployment. Use a production WSGI server instead.[0m
 * Running on http://127.0.0.1:8080
INFO:werkzeug:[33mPress CTRL+C to quit[0m
INFO:werkzeug: * Restarting with watchdog (windowsapi)
WARNING:werkzeug: * Debugger is active!
INFO:werkzeug: * Debugger PIN: 389-734-814
INFO:werkzeug: * Detected change in 'C:\\Users\\hugod\\anaconda3\\Lib\\site-packages\\scipy\\optimize\\__init__.py', reloading
INFO:werkzeug: * Detected change in 'C:\\Users\\hugod\\anaconda3\\Lib\\site-packages\\scipy\\optimize\\_optimize.py', reloading
INFO:werkzeug: * Detected change in 'C:\\Users\\hugod\\anaconda3\\Lib\\site-packages\\scipy\\optimize\\_minimize.py', reloading
INFO:werkzeug: * Detected change in 'C:\\Users\\hugod\\anaconda3\\Lib\\site-packages\\scipy\\optimize\\_root.py', reloading
INFO:werkzeug: * Detected change in 'C:\\Users\\hugod\\anaconda3\\Lib\\site-packages\\scipy\\optimize\\_root_scalar.py', reloading
INFO:werkzeug: * Detected change in 'C:\\Users\\hugod\\anaconda3\\Lib\\site-packages\\scipy\\optimize\\_minpack_py.py', reloading
INFO:werkzeug: * Detected change in 'C:\\Users\\hugod\\anaconda3\\Lib\\site-packages\\scipy\\optimize\\_zeros_py.py', reloading
INFO:werkzeug: * Detected change in 'C:\\Users\\hugod\\anaconda3\\Lib\\site-packages\\scipy\\optimize\\_nonlin.py', reloading
INFO:werkzeug: * Detected change in 'C:\\Users\\hugod\\anaconda3\\Lib\\site-packages\\scipy\\special\\__init__.py', reloading
INFO:werkzeug: * Detected change in 'C:\\Users\\hugod\\anaconda3\\Lib\\site-packages\\scipy\\special\\_basic.py', reloading
INFO:werkzeug: * Restarting with watchdog (windowsapi)
WARNING:werkzeug: * Debugger is active!
INFO:werkzeug: * Debugger PIN: 389-734-814
INFO:werkzeug: * Detected change in 'C:\\Users\\hugod\\anaconda3\\Lib\\site-packages\\scipy\\stats\\distributions.py', reloading
INFO:werkzeug: * Detected change in 'C:\\Users\\hugod\\anaconda3\\Lib\\site-packages\\scipy\\stats\\_continuous_distns.py', reloading
INFO:werkzeug: * Detected change in 'C:\\Users\\hugod\\anaconda3\\Lib\\site-packages\\scipy\\stats\\_discrete_distns.py', reloading
INFO:werkzeug: * Detected change in 'C:\\Users\\hugod\\anaconda3\\Lib\\site-packages\\scipy\\stats\\_morestats.py', reloading
INFO:werkzeug: * Detected change in 'C:\\Users\\hugod\\anaconda3\\Lib\\site-packages\\scipy\\stats\\_binned_statistic.py', reloading
INFO:werkzeug: * Detected change in 'C:\\Users\\hugod\\anaconda3\\Lib\\site-packages\\scipy\\stats\\_multivariate.py', reloading
INFO:werkzeug: * Detected change in 'C:\\Users\\hugod\\anaconda3\\Lib\\site-packages\\scipy\\stats\\_entropy.py', reloading
INFO:werkzeug: * Detected change in 'C:\\Users\\hugod\\anaconda3\\Lib\\site-packages\\scipy\\stats\\_hypotests.py', reloading
INFO:werkzeug: * Detected change in 'C:\\Users\\hugod\\anaconda3\\Lib\\site-packages\\scipy\\__init__.py', reloading
INFO:werkzeug: * Detected change in 'C:\\Users\\hugod\\anaconda3\\Lib\\site-packages\\scipy\\interpolate\\__init__.py', reloading
INFO:werkzeug: * Detected change in 'C:\\Users\\hugod\\anaconda3\\Lib\\site-packages\\scipy\\interpolate\\_interpolate.py', reloading
INFO:werkzeug: * Detected change in 'C:\\Users\\hugod\\anaconda3\\Lib\\site-packages\\scipy\\interpolate\\_fitpack_py.py', reloading
INFO:werkzeug: * Detected change in 'C:\\Users\\hugod\\anaconda3\\Lib\\site-packages\\scipy\\interpolate\\_fitpack2.py', reloading
INFO:werkzeug: * Detected change in 'C:\\Users\\hugod\\anaconda3\\Lib\\site-packages\\scipy\\interpolate\\_rbfinterp.py', reloading
INFO:werkzeug: * Detected change in 'C:\\Users\\hugod\\anaconda3\\Lib\\site-packages\\scipy\\interpolate\\_polyint.py', reloading
INFO:werkzeug: * Detected change in 'C:\\Users\\hugod\\anaconda3\\Lib\\site-packages\\scipy\\interpolate\\_cubic.py', reloading
INFO:werkzeug: * Detected change in 'C:\\Users\\hugod\\anaconda3\\Lib\\site-packages\\scipy\\interpolate\\_ndgriddata.py', reloading
INFO:werkzeug: * Detected change in 'C:\\Users\\hugod\\anaconda3\\Lib\\site-packages\\scipy\\interpolate\\_bsplines.py', reloading
INFO:werkzeug: * Detected change in 'C:\\Users\\hugod\\anaconda3\\Lib\\site-packages\\scipy\\interpolate\\_pade.py', reloading
INFO:werkzeug: * Detected change in 'C:\\Users\\hugod\\anaconda3\\Lib\\site-packages\\scipy\\interpolate\\_rgi.py', reloading
INFO:werkzeug: * Detected change in 'C:\\Users\\hugod\\anaconda3\\Lib\\site-packages\\scipy\\linalg\\__init__.py', reloading
INFO:werkzeug: * Detected change in 'C:\\Users\\hugod\\anaconda3\\Lib\\site-packages\\scipy\\linalg\\_misc.py', reloading
INFO:werkzeug: * Detected change in 'C:\\Users\\hugod\\anaconda3\\Lib\\site-packages\\scipy\\linalg\\_basic.py', reloading
INFO:werkzeug: * Detected change in 'C:\\Users\\hugod\\anaconda3\\Lib\\site-packages\\scipy\\linalg\\_decomp.py', reloading
INFO:werkzeug: * Detected change in 'C:\\Users\\hugod\\anaconda3\\Lib\\site-packages\\scipy\\linalg\\_decomp_lu.py', reloading
INFO:werkzeug: * Detected change in 'C:\\Users\\hugod\\anaconda3\\Lib\\site-packages\\scipy\\linalg\\_decomp_ldl.py', reloading
INFO:werkzeug: * Detected change in 'C:\\Users\\hugod\\anaconda3\\Lib\\site-packages\\scipy\\linalg\\_decomp_cholesky.py', reloading
INFO:werkzeug: * Detected change in 'C:\\Users\\hugod\\anaconda3\\Lib\\site-packages\\scipy\\linalg\\_decomp_qr.py', reloading
INFO:werkzeug: * Detected change in 'C:\\Users\\hugod\\anaconda3\\Lib\\site-packages\\scipy\\linalg\\_decomp_qz.py', reloading
INFO:werkzeug: * Detected change in 'C:\\Users\\hugod\\anaconda3\\Lib\\site-packages\\scipy\\linalg\\_decomp_svd.py', reloading
INFO:werkzeug: * Detected change in 'C:\\Users\\hugod\\anaconda3\\Lib\\site-packages\\scipy\\linalg\\_decomp_schur.py', reloading
INFO:werkzeug: * Detected change in 'C:\\Users\\hugod\\anaconda3\\Lib\\site-packages\\scipy\\linalg\\_decomp_polar.py', reloading
INFO:werkzeug: * Detected change in 'C:\\Users\\hugod\\anaconda3\\Lib\\site-packages\\scipy\\linalg\\_matfuncs.py', reloading
INFO:werkzeug: * Detected change in 'C:\\Users\\hugod\\anaconda3\\Lib\\site-packages\\scipy\\linalg\\blas.py', reloading
INFO:werkzeug: * Detected change in 'C:\\Users\\hugod\\anaconda3\\Lib\\site-packages\\scipy\\linalg\\lapack.py', reloading
INFO:werkzeug: * Detected change in 'C:\\Users\\hugod\\anaconda3\\Lib\\site-packages\\scipy\\linalg\\_special_matrices.py', reloading
INFO:werkzeug: * Detected change in 'C:\\Users\\hugod\\anaconda3\\Lib\\site-packages\\scipy\\linalg\\_solvers.py', reloading
INFO:werkzeug: * Detected change in 'C:\\Users\\hugod\\anaconda3\\Lib\\site-packages\\scipy\\linalg\\_procrustes.py', reloading
INFO:werkzeug: * Restarting with watchdog (windowsapi)
WARNING:werkzeug: * Debugger is active!
INFO:werkzeug: * Debugger PIN: 389-734-814
INFO:werkzeug: * Detected change in 'C:\\Users\\hugod\\anaconda3\\Lib\\site-packages\\backcall\\__init__.py', reloading
INFO:werkzeug: * Detected change in 'C:\\Users\\hugod\\anaconda3\\Lib\\site-packages\\backports\\__init__.py', reloading
INFO:werkzeug: * Detected change in 'C:\\Users\\hugod\\anaconda3\\Lib\\site-packages\\bcrypt\\__init__.py', reloading
INFO:werkzeug: * Detected change in 'C:\\Users\\hugod\\anaconda3\\Lib\\site-packages\\bcrypt\\__about__.py', reloading
INFO:werkzeug: * Detected change in 'C:\\Users\\hugod\\anaconda3\\Lib\\site-packages\\binaryornot\\__init__.py', reloading
INFO:werkzeug: * Detected change in 'C:\\Users\\hugod\\anaconda3\\Lib\\site-packages\\binstar_client\\__init__.py', reloading
INFO:werkzeug: * Detected change in 'C:\\Users\\hugod\\anaconda3\\Lib\\site-packages\\bkcharts\\__init__.py', reloading
INFO:werkzeug: * Detected change in 'C:\\Users\\hugod\\anaconda3\\Lib\\site-packages\\black\\__init__.py', reloading
INFO:werkzeug: * Detected change in 'C:\\Users\\hugod\\anaconda3\\Lib\\site-packages\\blackd\\__init__.py', reloading
INFO:werkzeug: * Detected change in 'C:\\Users\\hugod\\anaconda3\\Lib\\site-packages\\blib2to3\\__init__.py', reloading
INFO:werkzeug: * Detected change in 'C:\\Users\\hugod\\anaconda3\\Lib\\site-packages\\bokeh\\__init__.py', reloading
INFO:werkzeug: * Detected change in 'C:\\Users\\hugod\\anaconda3\\Lib\\site-packages\\bokeh\\util\\version.py', reloading
INFO:werkzeug: * Detected change in 'C:\\Users\\hugod\\anaconda3\\Lib\\site-packages\\bottleneck\\__init__.py', reloading
INFO:werkzeug: * Detected change in 'C:\\Users\\hugod\\anaconda3\\Lib\\site-packages\\brotli\\__init__.py', reloading
INFO:werkzeug: * Detected change in 'C:\\Users\\hugod\\anaconda3\\Lib\\site-packages\\certifi\\__init__.py', reloading
INFO:werkzeug: * Detected change in 'C:\\Users\\hugod\\anaconda3\\Lib\\site-packages\\certifi\\core.py', reloading
INFO:werkzeug: * Detected change in 'C:\\Users\\hugod\\anaconda3\\Lib\\site-packages\\charset_normalizer\\__init__.py', reloading
INFO:werkzeug: * Detected change in 'C:\\Users\\hugod\\anaconda3\\Lib\\site-packages\\click\\__init__.py', reloading
INFO:werkzeug: * Detected change in 'C:\\Users\\hugod\\anaconda3\\Lib\\site-packages\\click\\core.py', reloading
INFO:werkzeug: * Detected change in 'C:\\Users\\hugod\\anaconda3\\Lib\\site-packages\\click\\decorators.py', reloading
INFO:werkzeug: * Detected change in 'C:\\Users\\hugod\\anaconda3\\Lib\\site-packages\\click\\exceptions.py', reloading
INFO:werkzeug: * Detected change in 'C:\\Users\\hugod\\anaconda3\\Lib\\site-packages\\click\\formatting.py', reloading
INFO:werkzeug: * Detected change in 'C:\\Users\\hugod\\anaconda3\\Lib\\site-packages\\click\\globals.py', reloading
INFO:werkzeug: * Detected change in 'C:\\Users\\hugod\\anaconda3\\Lib\\site-packages\\click\\parser.py', reloading
INFO:werkzeug: * Detected change in 'C:\\Users\\hugod\\anaconda3\\Lib\\site-packages\\click\\termui.py', reloading
INFO:werkzeug: * Detected change in 'C:\\Users\\hugod\\anaconda3\\Lib\\site-packages\\click\\types.py', reloading
INFO:werkzeug: * Detected change in 'C:\\Users\\hugod\\anaconda3\\Lib\\site-packages\\click\\utils.py', reloading
INFO:werkzeug: * Detected change in 'C:\\Users\\hugod\\anaconda3\\Lib\\site-packages\\cloudpickle\\__init__.py', reloading
INFO:werkzeug: * Detected change in 'C:\\Users\\hugod\\anaconda3\\Lib\\site-packages\\clyent\\__init__.py', reloading
INFO:werkzeug: * Detected change in 'C:\\Users\\hugod\\anaconda3\\Lib\\site-packages\\comm\\__init__.py', reloading
INFO:werkzeug: * Detected change in 'C:\\Users\\hugod\\anaconda3\\Lib\\site-packages\\comtypes\\__init__.py', reloading
INFO:werkzeug: * Detected change in 'C:\\Users\\hugod\\anaconda3\\Lib\\site-packages\\conda\\__init__.py', reloading
INFO:werkzeug: * Detected change in 'C:\\Users\\hugod\\anaconda3\\Lib\\site-packages\\conda_build\\__init__.py', reloading
INFO:werkzeug: * Detected change in 'C:\\Users\\hugod\\anaconda3\\Lib\\site-packages\\conda_content_trust\\__init__.py', reloading
INFO:werkzeug: * Detected change in 'C:\\Users\\hugod\\anaconda3\\Lib\\site-packages\\conda_env\\__init__.py', reloading
INFO:werkzeug: * Detected change in 'C:\\Users\\hugod\\anaconda3\\Lib\\site-packages\\conda_pack\\__init__.py', reloading
INFO:werkzeug: * Detected change in 'C:\\Users\\hugod\\anaconda3\\Lib\\site-packages\\conda_package_handling\\__init__.py', reloading
INFO:werkzeug: * Detected change in 'C:\\Users\\hugod\\anaconda3\\Lib\\site-packages\\conda_package_streaming\\__init__.py', reloading
INFO:werkzeug: * Detected change in 'C:\\Users\\hugod\\anaconda3\\Lib\\site-packages\\conda_token\\__init__.py', reloading
INFO:werkzeug: * Detected change in 'C:\\Users\\hugod\\anaconda3\\Lib\\site-packages\\conda_verify\\__init__.py', reloading
INFO:werkzeug: * Detected change in 'C:\\Users\\hugod\\anaconda3\\Lib\\site-packages\\cookiecutter\\__init__.py', reloading
INFO:werkzeug: * Detected change in 'C:\\Users\\hugod\\anaconda3\\Lib\\site-packages\\cryptography\\__init__.py', reloading
INFO:werkzeug: * Detected change in 'C:\\Users\\hugod\\anaconda3\\Lib\\site-packages\\cryptography\\__about__.py', reloading
INFO:werkzeug: * Detected change in 'C:\\Users\\hugod\\anaconda3\\Lib\\site-packages\\curl\\__init__.py', reloading
INFO:werkzeug: * Detected change in 'C:\\Users\\hugod\\anaconda3\\Lib\\site-packages\\Cython\\__init__.py', reloading
INFO:werkzeug: * Detected change in 'C:\\Users\\hugod\\anaconda3\\Lib\\site-packages\\cytoolz\\__init__.py', reloading
INFO:werkzeug: * Detected change in 'C:\\Users\\hugod\\anaconda3\\Lib\\site-packages\\dask\\__init__.py', reloading
INFO:werkzeug: * Detected change in 'C:\\Users\\hugod\\anaconda3\\Lib\\site-packages\\debugpy\\__init__.py', reloading
INFO:werkzeug: * Detected change in 'C:\\Users\\hugod\\anaconda3\\Lib\\site-packages\\defusedxml\\__init__.py', reloading
INFO:werkzeug: * Detected change in 'C:\\Users\\hugod\\anaconda3\\Lib\\site-packages\\defusedxml\\common.py', reloading
INFO:werkzeug: * Detected change in 'C:\\Users\\hugod\\anaconda3\\Lib\\site-packages\\diff_match_patch\\__init__.py', reloading
INFO:werkzeug: * Detected change in 'C:\\Users\\hugod\\anaconda3\\Lib\\site-packages\\dill\\__init__.py', reloading
INFO:werkzeug: * Detected change in 'C:\\Users\\hugod\\anaconda3\\Lib\\site-packages\\distributed\\__init__.py', reloading
INFO:werkzeug: * Detected change in 'C:\\Users\\hugod\\anaconda3\\Lib\\site-packages\\erfa\\__init__.py', reloading
INFO:werkzeug: * Detected change in 'C:\\Users\\hugod\\anaconda3\\Lib\\site-packages\\et_xmlfile\\__init__.py', reloading
INFO:werkzeug: * Detected change in 'C:\\Users\\hugod\\anaconda3\\Lib\\site-packages\\exceptiongroup\\__init__.py', reloading
INFO:werkzeug: * Detected change in 'C:\\Users\\hugod\\anaconda3\\Lib\\site-packages\\exceptiongroup\\_catch.py', reloading
INFO:werkzeug: * Detected change in 'C:\\Users\\hugod\\anaconda3\\Lib\\site-packages\\exceptiongroup\\_exceptions.py', reloading
INFO:werkzeug: * Detected change in 'C:\\Users\\hugod\\anaconda3\\Lib\\site-packages\\exceptiongroup\\_formatting.py', reloading
INFO:werkzeug: * Detected change in 'C:\\Users\\hugod\\anaconda3\\Lib\\site-packages\\executing\\__init__.py', reloading
INFO:werkzeug: * Detected change in 'C:\\Users\\hugod\\anaconda3\\Lib\\site-packages\\executing\\executing.py', reloading
INFO:werkzeug: * Detected change in 'C:\\Users\\hugod\\anaconda3\\Lib\\site-packages\\fastcache\\__init__.py', reloading
INFO:werkzeug: * Detected change in 'C:\\Users\\hugod\\anaconda3\\Lib\\site-packages\\fastjsonschema\\__init__.py', reloading
INFO:werkzeug: * Detected change in 'C:\\Users\\hugod\\anaconda3\\Lib\\site-packages\\fastjsonschema\\exceptions.py', reloading
INFO:werkzeug: * Detected change in 'C:\\Users\\hugod\\anaconda3\\Lib\\site-packages\\fastjsonschema\\version.py', reloading
INFO:werkzeug: * Detected change in 'C:\\Users\\hugod\\anaconda3\\Lib\\site-packages\\filelock\\__init__.py', reloading
INFO:werkzeug: * Detected change in 'C:\\Users\\hugod\\anaconda3\\Lib\\site-packages\\filelock\\_api.py', reloading
INFO:werkzeug: * Detected change in 'C:\\Users\\hugod\\anaconda3\\Lib\\site-packages\\filelock\\_error.py', reloading
INFO:werkzeug: * Detected change in 'C:\\Users\\hugod\\anaconda3\\Lib\\site-packages\\filelock\\_soft.py', reloading
INFO:werkzeug: * Detected change in 'C:\\Users\\hugod\\anaconda3\\Lib\\site-packages\\filelock\\_unix.py', reloading
INFO:werkzeug: * Detected change in 'C:\\Users\\hugod\\anaconda3\\Lib\\site-packages\\filelock\\_windows.py', reloading
INFO:werkzeug: * Detected change in 'C:\\Users\\hugod\\anaconda3\\Lib\\site-packages\\flake8\\__init__.py', reloading
INFO:werkzeug: * Detected change in 'C:\\Users\\hugod\\anaconda3\\Lib\\site-packages\\flask\\cli.py', reloading
INFO:werkzeug: * Detected change in 'C:\\Users\\hugod\\anaconda3\\Lib\\site-packages\\flask\\blueprints.py', reloading
INFO:werkzeug: * Detected change in 'C:\\Users\\hugod\\anaconda3\\Lib\\site-packages\\flask\\ctx.py', reloading
INFO:werkzeug: * Detected change in 'C:\\Users\\hugod\\anaconda3\\Lib\\site-packages\\flask\\debughelpers.py', reloading
INFO:werkzeug: * Detected change in 'C:\\Users\\hugod\\anaconda3\\Lib\\site-packages\\flask\\helpers.py', reloading
INFO:werkzeug: * Detected change in 'C:\\Users\\hugod\\anaconda3\\Lib\\site-packages\\flask\\logging.py', reloading
INFO:werkzeug: * Detected change in 'C:\\Users\\hugod\\anaconda3\\Lib\\site-packages\\flask\\signals.py', reloading
INFO:werkzeug: * Detected change in 'C:\\Users\\hugod\\anaconda3\\Lib\\site-packages\\flask\\templating.py', reloading
INFO:werkzeug: * Detected change in 'C:\\Users\\hugod\\anaconda3\\Lib\\site-packages\\flask\\testing.py', reloading
INFO:werkzeug: * Detected change in 'C:\\Users\\hugod\\anaconda3\\Lib\\site-packages\\flask\\views.py', reloading
INFO:werkzeug: * Detected change in 'C:\\Users\\hugod\\anaconda3\\Lib\\site-packages\\flask\\__main__.py', reloading
INFO:werkzeug: * Detected change in 'C:\\Users\\hugod\\anaconda3\\Lib\\site-packages\\flit_core\\__init__.py', reloading
INFO:werkzeug: * Detected change in 'C:\\Users\\hugod\\anaconda3\\Lib\\site-packages\\fontTools\\__init__.py', reloading
INFO:werkzeug: * Detected change in 'C:\\Users\\hugod\\anaconda3\\Lib\\site-packages\\fontTools\\misc\\loggingTools.py', reloading
INFO:werkzeug: * Detected change in 'C:\\Users\\hugod\\anaconda3\\Lib\\site-packages\\fsspec\\__init__.py', reloading
INFO:werkzeug: * Detected change in 'C:\\Users\\hugod\\anaconda3\\Lib\\site-packages\\fsspec\\callbacks.py', reloading
INFO:werkzeug: * Detected change in 'C:\\Users\\hugod\\anaconda3\\Lib\\site-packages\\fsspec\\compression.py', reloading
INFO:werkzeug: * Detected change in 'C:\\Users\\hugod\\anaconda3\\Lib\\site-packages\\fsspec\\core.py', reloading
INFO:werkzeug: * Detected change in 'C:\\Users\\hugod\\anaconda3\\Lib\\site-packages\\fsspec\\exceptions.py', reloading
INFO:werkzeug: * Detected change in 'C:\\Users\\hugod\\anaconda3\\Lib\\site-packages\\fsspec\\mapping.py', reloading
INFO:werkzeug: * Detected change in 'C:\\Users\\hugod\\anaconda3\\Lib\\site-packages\\fsspec\\registry.py', reloading
INFO:werkzeug: * Detected change in 'C:\\Users\\hugod\\anaconda3\\Lib\\site-packages\\fsspec\\spec.py', reloading
INFO:werkzeug: * Restarting with watchdog (windowsapi)
WARNING:werkzeug: * Debugger is active!
INFO:werkzeug: * Debugger PIN: 389-734-814
INFO:werkzeug: * Detected change in 'C:\\Users\\hugod\\anaconda3\\Lib\\site-packages\\jupyterlab_server\\handlers.py', reloading
INFO:werkzeug: * Detected change in 'C:\\Users\\hugod\\anaconda3\\Lib\\site-packages\\jupyterlab_server\\config.py', reloading
INFO:werkzeug: * Detected change in 'C:\\Users\\hugod\\anaconda3\\Lib\\site-packages\\jupyterlab_server\\licenses_app.py', reloading
INFO:werkzeug: * Detected change in 'C:\\Users\\hugod\\anaconda3\\Lib\\site-packages\\jupyterlab_server\\translation_utils.py', reloading
INFO:werkzeug: * Detected change in 'C:\\Users\\hugod\\anaconda3\\Lib\\site-packages\\jupyterlab_server\\workspaces_app.py', reloading
INFO:werkzeug: * Detected change in 'C:\\Users\\hugod\\anaconda3\\Lib\\site-packages\\jupyterlab_server\\workspaces_handler.py', reloading
INFO:werkzeug: * Detected change in 'C:\\Users\\hugod\\anaconda3\\Lib\\site-packages\\jupyterlab_widgets\\__init__.py', reloading
INFO:werkzeug: * Detected change in 'C:\\Users\\hugod\\anaconda3\\Lib\\site-packages\\jupyter_console\\__init__.py', reloading
INFO:werkzeug: * Detected change in 'C:\\Users\\hugod\\anaconda3\\Lib\\site-packages\\jupyter_core\\__init__.py', reloading
INFO:werkzeug: * Detected change in 'C:\\Users\\hugod\\anaconda3\\Lib\\site-packages\\jupyter_server\\__init__.py', reloading
INFO:werkzeug: * Detected change in 'C:\\Users\\hugod\\anaconda3\\Lib\\site-packages\\keyring\\__init__.py', reloading
INFO:werkzeug: * Detected change in 'C:\\Users\\hugod\\anaconda3\\Lib\\site-packages\\keyring\\core.py', reloading
INFO:werkzeug: * Detected change in 'C:\\Users\\hugod\\anaconda3\\Lib\\site-packages\\kiwisolver\\__init__.py', reloading
INFO:werkzeug: * Detected change in 'C:\\Users\\hugod\\anaconda3\\Lib\\site-packages\\lazy_object_proxy\\__init__.py', reloading
INFO:werkzeug: * Detected change in 'C:\\Users\\hugod\\anaconda3\\Lib\\site-packages\\libarchive\\__init__.py', reloading
INFO:werkzeug: * Detected change in 'C:\\Users\\hugod\\anaconda3\\Lib\\site-packages\\libfuturize\\__init__.py', reloading
INFO:werkzeug: * Detected change in 'C:\\Users\\hugod\\anaconda3\\Lib\\site-packages\\libpasteurize\\__init__.py', reloading
INFO:werkzeug: * Detected change in 'C:\\Users\\hugod\\anaconda3\\Lib\\site-packages\\llvmlite\\__init__.py', reloading
INFO:werkzeug: * Detected change in 'C:\\Users\\hugod\\anaconda3\\Lib\\site-packages\\lmdb\\__init__.py', reloading
INFO:werkzeug: * Detected change in 'C:\\Users\\hugod\\anaconda3\\Lib\\site-packages\\lmdb\\cffi.py', reloading
INFO:werkzeug: * Detected change in 'C:\\Users\\hugod\\anaconda3\\Lib\\site-packages\\locket\\__init__.py', reloading
INFO:werkzeug: * Detected change in 'C:\\Users\\hugod\\anaconda3\\Lib\\site-packages\\lxml\\__init__.py', reloading
INFO:werkzeug: * Detected change in 'C:\\Users\\hugod\\anaconda3\\Lib\\site-packages\\markupsafe\\__init__.py', reloading
INFO:werkzeug: * Detected change in 'C:\\Users\\hugod\\anaconda3\\Lib\\site-packages\\matplotlib\\compat\\__init__.py', reloading
INFO:werkzeug: * Detected change in 'C:\\Users\\hugod\\anaconda3\\Lib\\site-packages\\matplotlib\\pylab.py', reloading
INFO:werkzeug: * Detected change in 'C:\\Users\\hugod\\anaconda3\\Lib\\site-packages\\matplotlib\\tests\\__init__.py', reloading
INFO:werkzeug: * Detected change in 'C:\\Users\\hugod\\anaconda3\\Lib\\site-packages\\matplotlib\\tight_bbox.py', reloading
INFO:werkzeug: * Detected change in 'C:\\Users\\hugod\\anaconda3\\Lib\\site-packages\\matplotlib\\ttconv.py', reloading
INFO:werkzeug: * Detected change in 'C:\\Users\\hugod\\anaconda3\\Lib\\site-packages\\matplotlib_inline\\__init__.py', reloading
INFO:werkzeug: * Detected change in 'C:\\Users\\hugod\\anaconda3\\Lib\\site-packages\\menuinst\\__init__.py', reloading
INFO:werkzeug: * Detected change in 'C:\\Users\\hugod\\anaconda3\\Lib\\site-packages\\mkl\\__init__.py', reloading
INFO:werkzeug: * Detected change in 'C:\\Users\\hugod\\anaconda3\\Lib\\site-packages\\mkl_fft\\__init__.py', reloading
INFO:werkzeug: * Detected change in 'C:\\Users\\hugod\\anaconda3\\Lib\\site-packages\\mkl_random\\__init__.py', reloading
INFO:werkzeug: * Detected change in 'C:\\Users\\hugod\\anaconda3\\Lib\\site-packages\\mpmath\\__init__.py', reloading
INFO:werkzeug: * Detected change in 'C:\\Users\\hugod\\anaconda3\\Lib\\site-packages\\msgpack\\__init__.py', reloading
INFO:werkzeug: * Detected change in 'C:\\Users\\hugod\\anaconda3\\Lib\\site-packages\\multipledispatch\\__init__.py', reloading
INFO:werkzeug: * Detected change in 'C:\\Users\\hugod\\anaconda3\\Lib\\site-packages\\nacl\\__init__.py', reloading
INFO:werkzeug: * Detected change in 'C:\\Users\\hugod\\anaconda3\\Lib\\site-packages\\navigator_updater\\__init__.py', reloading
INFO:werkzeug: * Detected change in 'C:\\Users\\hugod\\anaconda3\\Lib\\site-packages\\nbclassic\\__init__.py', reloading
INFO:werkzeug: * Detected change in 'C:\\Users\\hugod\\anaconda3\\Lib\\site-packages\\nbclient\\__init__.py', reloading
INFO:werkzeug: * Detected change in 'C:\\Users\\hugod\\anaconda3\\Lib\\site-packages\\nbconvert\\__init__.py', reloading
INFO:werkzeug: * Detected change in 'C:\\Users\\hugod\\anaconda3\\Lib\\site-packages\\nbformat\\__init__.py', reloading
INFO:werkzeug: * Detected change in 'C:\\Users\\hugod\\anaconda3\\Lib\\site-packages\\nbformat\\_version.py', reloading
INFO:werkzeug: * Detected change in 'C:\\Users\\hugod\\anaconda3\\Lib\\site-packages\\nbformat\\converter.py', reloading
INFO:werkzeug: * Detected change in 'C:\\Users\\hugod\\anaconda3\\Lib\\site-packages\\nbformat\\notebooknode.py', reloading
INFO:werkzeug: * Detected change in 'C:\\Users\\hugod\\anaconda3\\Lib\\site-packages\\nbformat\\v4\\__init__.py', reloading
INFO:werkzeug: * Detected change in 'C:\\Users\\hugod\\anaconda3\\Lib\\site-packages\\nbformat\\v4\\nbbase.py', reloading
INFO:werkzeug: * Detected change in 'C:\\Users\\hugod\\anaconda3\\Lib\\site-packages\\nbformat\\validator.py', reloading
INFO:werkzeug: * Detected change in 'C:\\Users\\hugod\\anaconda3\\Lib\\site-packages\\nbformat\\json_compat.py', reloading
INFO:werkzeug: * Detected change in 'C:\\Users\\hugod\\anaconda3\\Lib\\site-packages\\nltk\\__init__.py', reloading
INFO:werkzeug: * Detected change in 'C:\\Users\\hugod\\anaconda3\\Lib\\site-packages\\nose\\__init__.py', reloading
INFO:werkzeug: * Detected change in 'C:\\Users\\hugod\\anaconda3\\Lib\\site-packages\\nose\\core.py', reloading
INFO:werkzeug: * Detected change in 'C:\\Users\\hugod\\anaconda3\\Lib\\site-packages\\nose\\exc.py', reloading
INFO:werkzeug: * Detected change in 'C:\\Users\\hugod\\anaconda3\\Lib\\site-packages\\nose\\plugins\\skip.py', reloading
INFO:werkzeug: * Detected change in 'C:\\Users\\hugod\\anaconda3\\Lib\\site-packages\\nose\\plugins\\deprecated.py', reloading
INFO:werkzeug: * Detected change in 'C:\\Users\\hugod\\anaconda3\\Lib\\site-packages\\nose\\tools\\__init__.py', reloading
INFO:werkzeug: * Detected change in 'C:\\Users\\hugod\\anaconda3\\Lib\\site-packages\\nose\\tools\\nontrivial.py', reloading
INFO:werkzeug: * Detected change in 'C:\\Users\\hugod\\anaconda3\\Lib\\site-packages\\nose\\tools\\trivial.py', reloading
INFO:werkzeug: * Detected change in 'C:\\Users\\hugod\\anaconda3\\Lib\\site-packages\\notebook\\__init__.py', reloading
INFO:werkzeug: * Detected change in 'C:\\Users\\hugod\\anaconda3\\Lib\\site-packages\\notebook_shim\\__init__.py', reloading
INFO:werkzeug: * Detected change in 'C:\\Users\\hugod\\anaconda3\\Lib\\site-packages\\numba\\__init__.py', reloading
INFO:werkzeug: * Detected change in 'C:\\Users\\hugod\\anaconda3\\Lib\\site-packages\\numba\\core\\errors.py', reloading
INFO:werkzeug: * Detected change in 'C:\\Users\\hugod\\anaconda3\\Lib\\site-packages\\numba\\core\\types\\__init__.py', reloading
INFO:werkzeug: * Detected change in 'C:\\Users\\hugod\\anaconda3\\Lib\\site-packages\\numba\\core\\types\\abstract.py', reloading
INFO:werkzeug: * Detected change in 'C:\\Users\\hugod\\anaconda3\\Lib\\site-packages\\numba\\core\\types\\containers.py', reloading
INFO:werkzeug: * Detected change in 'C:\\Users\\hugod\\anaconda3\\Lib\\site-packages\\numba\\core\\types\\functions.py', reloading
INFO:werkzeug: * Detected change in 'C:\\Users\\hugod\\anaconda3\\Lib\\site-packages\\numba\\core\\types\\iterators.py', reloading
INFO:werkzeug: * Detected change in 'C:\\Users\\hugod\\anaconda3\\Lib\\site-packages\\numba\\core\\types\\misc.py', reloading
INFO:werkzeug: * Detected change in 'C:\\Users\\hugod\\anaconda3\\Lib\\site-packages\\numba\\core\\types\\npytypes.py', reloading
INFO:werkzeug: * Restarting with watchdog (windowsapi)
WARNING:werkzeug: * Debugger is active!
INFO:werkzeug: * Debugger PIN: 389-734-814
INFO:werkzeug: * Detected change in 'C:\\Users\\hugod\\anaconda3\\Lib\\site-packages\\prompt_toolkit\\formatted_text\\__init__.py', reloading
INFO:werkzeug: * Detected change in 'C:\\Users\\hugod\\anaconda3\\Lib\\site-packages\\prompt_toolkit\\formatted_text\\ansi.py', reloading
INFO:werkzeug: * Detected change in 'C:\\Users\\hugod\\anaconda3\\Lib\\site-packages\\prompt_toolkit\\formatted_text\\html.py', reloading
INFO:werkzeug: * Detected change in 'C:\\Users\\hugod\\anaconda3\\Lib\\site-packages\\prompt_toolkit\\shortcuts\\__init__.py', reloading
INFO:werkzeug: * Detected change in 'C:\\Users\\hugod\\anaconda3\\Lib\\site-packages\\prompt_toolkit\\shortcuts\\prompt.py', reloading
INFO:werkzeug: * Detected change in 'C:\\Users\\hugod\\anaconda3\\Lib\\site-packages\\prompt_toolkit\\shortcuts\\utils.py', reloading
INFO:werkzeug: * Detected change in 'C:\\Users\\hugod\\anaconda3\\Lib\\site-packages\\ptyprocess\\__init__.py', reloading
INFO:werkzeug: * Detected change in 'C:\\Users\\hugod\\anaconda3\\Lib\\site-packages\\pure_eval\\__init__.py', reloading
INFO:werkzeug: * Detected change in 'C:\\Users\\hugod\\anaconda3\\Lib\\site-packages\\pycparser\\__init__.py', reloading
INFO:werkzeug: * Detected change in 'C:\\Users\\hugod\\anaconda3\\Lib\\site-packages\\pydocstyle\\__init__.py', reloading
INFO:werkzeug: * Detected change in 'C:\\Users\\hugod\\anaconda3\\Lib\\site-packages\\pylint\\__init__.py', reloading
INFO:werkzeug: * Detected change in 'C:\\Users\\hugod\\anaconda3\\Lib\\site-packages\\pylint\\__pkginfo__.py', reloading
INFO:werkzeug: * Detected change in 'C:\\Users\\hugod\\anaconda3\\Lib\\site-packages\\pyls\\__init__.py', reloading
INFO:werkzeug: * Detected change in 'C:\\Users\\hugod\\anaconda3\\Lib\\site-packages\\pyls_jsonrpc\\__init__.py', reloading
INFO:werkzeug: * Detected change in 'C:\\Users\\hugod\\anaconda3\\Lib\\site-packages\\pyls_spyder\\__init__.py', reloading
INFO:werkzeug: * Detected change in 'C:\\Users\\hugod\\anaconda3\\Lib\\site-packages\\pyparsing\\__init__.py', reloading
INFO:werkzeug: * Detected change in 'C:\\Users\\hugod\\anaconda3\\Lib\\site-packages\\pyparsing\\util.py', reloading
INFO:werkzeug: * Detected change in 'C:\\Users\\hugod\\anaconda3\\Lib\\site-packages\\pyparsing\\exceptions.py', reloading
INFO:werkzeug: * Detected change in 'C:\\Users\\hugod\\anaconda3\\Lib\\site-packages\\pyparsing\\actions.py', reloading
INFO:werkzeug: * Detected change in 'C:\\Users\\hugod\\anaconda3\\Lib\\site-packages\\pyparsing\\results.py', reloading
INFO:werkzeug: * Detected change in 'C:\\Users\\hugod\\anaconda3\\Lib\\site-packages\\pyparsing\\core.py', reloading
INFO:werkzeug: * Detected change in 'C:\\Users\\hugod\\anaconda3\\Lib\\site-packages\\pyparsing\\helpers.py', reloading
INFO:werkzeug: * Detected change in 'C:\\Users\\hugod\\anaconda3\\Lib\\site-packages\\pyparsing\\unicode.py', reloading
INFO:werkzeug: * Detected change in 'C:\\Users\\hugod\\anaconda3\\Lib\\site-packages\\PyQt5\\__init__.py', reloading
INFO:werkzeug: * Detected change in 'C:\\Users\\hugod\\anaconda3\\Lib\\site-packages\\pyreadline\\__init__.py', reloading
INFO:werkzeug: * Detected change in 'C:\\Users\\hugod\\anaconda3\\Lib\\site-packages\\pytest\\__init__.py', reloading
INFO:werkzeug: * Detected change in 'C:\\Users\\hugod\\anaconda3\\Lib\\site-packages\\_pytest\\__init__.py', reloading
INFO:werkzeug: * Detected change in 'C:\\Users\\hugod\\anaconda3\\Lib\\site-packages\\_pytest\\_version.py', reloading
INFO:werkzeug: * Detected change in 'C:\\Users\\hugod\\anaconda3\\Lib\\site-packages\\_pytest\\_code\\__init__.py', reloading
INFO:werkzeug: * Detected change in 'C:\\Users\\hugod\\anaconda3\\Lib\\site-packages\\_pytest\\_code\\code.py', reloading
INFO:werkzeug: * Detected change in 'C:\\Users\\hugod\\anaconda3\\Lib\\site-packages\\_pytest\\assertion\\__init__.py', reloading
INFO:werkzeug: * Detected change in 'C:\\Users\\hugod\\anaconda3\\Lib\\site-packages\\_pytest\\cacheprovider.py', reloading
INFO:werkzeug: * Detected change in 'C:\\Users\\hugod\\anaconda3\\Lib\\site-packages\\_pytest\\capture.py', reloading
INFO:werkzeug: * Detected change in 'C:\\Users\\hugod\\anaconda3\\Lib\\site-packages\\_pytest\\config\\__init__.py', reloading
INFO:werkzeug: * Detected change in 'C:\\Users\\hugod\\anaconda3\\Lib\\site-packages\\_pytest\\config\\exceptions.py', reloading
INFO:werkzeug: * Detected change in 'C:\\Users\\hugod\\anaconda3\\Lib\\site-packages\\_pytest\\config\\argparsing.py', reloading
INFO:werkzeug: * Detected change in 'C:\\Users\\hugod\\anaconda3\\Lib\\site-packages\\_pytest\\fixtures.py', reloading
INFO:werkzeug: * Detected change in 'C:\\Users\\hugod\\anaconda3\\Lib\\site-packages\\_pytest\\freeze_support.py', reloading
INFO:werkzeug: * Detected change in 'C:\\Users\\hugod\\anaconda3\\Lib\\site-packages\\_pytest\\legacypath.py', reloading
INFO:werkzeug: * Detected change in 'C:\\Users\\hugod\\anaconda3\\Lib\\site-packages\\_pytest\\logging.py', reloading
INFO:werkzeug: * Detected change in 'C:\\Users\\hugod\\anaconda3\\Lib\\site-packages\\_pytest\\main.py', reloading
INFO:werkzeug: * Detected change in 'C:\\Users\\hugod\\anaconda3\\Lib\\site-packages\\_pytest\\mark\\__init__.py', reloading
INFO:werkzeug: * Detected change in 'C:\\Users\\hugod\\anaconda3\\Lib\\site-packages\\_pytest\\mark\\structures.py', reloading
INFO:werkzeug: * Detected change in 'C:\\Users\\hugod\\anaconda3\\Lib\\site-packages\\_pytest\\monkeypatch.py', reloading
INFO:werkzeug: * Detected change in 'C:\\Users\\hugod\\anaconda3\\Lib\\site-packages\\_pytest\\nodes.py', reloading
INFO:werkzeug: * Detected change in 'C:\\Users\\hugod\\anaconda3\\Lib\\site-packages\\_pytest\\outcomes.py', reloading
INFO:werkzeug: * Detected change in 'C:\\Users\\hugod\\anaconda3\\Lib\\site-packages\\_pytest\\pytester.py', reloading
INFO:werkzeug: * Detected change in 'C:\\Users\\hugod\\anaconda3\\Lib\\site-packages\\_pytest\\python.py', reloading
INFO:werkzeug: * Detected change in 'C:\\Users\\hugod\\anaconda3\\Lib\\site-packages\\_pytest\\python_api.py', reloading
INFO:werkzeug: * Detected change in 'C:\\Users\\hugod\\anaconda3\\Lib\\site-packages\\_pytest\\recwarn.py', reloading
INFO:werkzeug: * Detected change in 'C:\\Users\\hugod\\anaconda3\\Lib\\site-packages\\_pytest\\reports.py', reloading
INFO:werkzeug: * Detected change in 'C:\\Users\\hugod\\anaconda3\\Lib\\site-packages\\_pytest\\runner.py', reloading
INFO:werkzeug: * Restarting with watchdog (windowsapi)
WARNING:werkzeug: * Debugger is active!
INFO:werkzeug: * Debugger PIN: 389-734-814
INFO:werkzeug: * Detected change in 'C:\\Users\\hugod\\anaconda3\\Lib\\site-packages\\scipy\\signal\\_bsplines.py', reloading
INFO:werkzeug: * Detected change in 'C:\\Users\\hugod\\anaconda3\\Lib\\site-packages\\scipy\\signal\\_filter_design.py', reloading
INFO:werkzeug: * Detected change in 'C:\\Users\\hugod\\anaconda3\\Lib\\site-packages\\scipy\\signal\\_fir_filter_design.py', reloading
INFO:werkzeug: * Detected change in 'C:\\Users\\hugod\\anaconda3\\Lib\\site-packages\\scipy\\signal\\_ltisys.py', reloading
INFO:werkzeug: * Detected change in 'C:\\Users\\hugod\\anaconda3\\Lib\\site-packages\\scipy\\signal\\_lti_conversion.py', reloading
INFO:werkzeug: * Detected change in 'C:\\Users\\hugod\\anaconda3\\Lib\\site-packages\\scipy\\signal\\_signaltools.py', reloading
INFO:werkzeug: * Detected change in 'C:\\Users\\hugod\\anaconda3\\Lib\\site-packages\\scipy\\signal\\_spectral_py.py', reloading
INFO:werkzeug: * Detected change in 'C:\\Users\\hugod\\anaconda3\\Lib\\site-packages\\scipy\\signal\\_wavelets.py', reloading
INFO:werkzeug: * Detected change in 'C:\\Users\\hugod\\anaconda3\\Lib\\site-packages\\scipy\\signal\\_peak_finding.py', reloading
INFO:werkzeug: * Detected change in 'C:\\Users\\hugod\\anaconda3\\Lib\\site-packages\\scipy\\signal\\_czt.py', reloading
INFO:werkzeug: * Detected change in 'C:\\Users\\hugod\\anaconda3\\Lib\\site-packages\\scipy\\spatial\\__init__.py', reloading
INFO:werkzeug: * Detected change in 'C:\\Users\\hugod\\anaconda3\\Lib\\site-packages\\scipy\\spatial\\_kdtree.py', reloading
INFO:werkzeug: * Detected change in 'C:\\Users\\hugod\\anaconda3\\Lib\\site-packages\\scipy\\spatial\\_plotutils.py', reloading
INFO:werkzeug: * Detected change in 'C:\\Users\\hugod\\anaconda3\\Lib\\site-packages\\scipy\\version.py', reloading
INFO:werkzeug: * Detected change in 'C:\\Users\\hugod\\anaconda3\\Lib\\site-packages\\scipy\\__config__.py', reloading
INFO:werkzeug: * Detected change in 'C:\\Users\\hugod\\anaconda3\\Lib\\site-packages\\scripts\\__init__.py', reloading
INFO:werkzeug: * Detected change in 'C:\\Users\\hugod\\anaconda3\\Lib\\site-packages\\seaborn\\__init__.py', reloading
INFO:werkzeug: * Detected change in 'C:\\Users\\hugod\\anaconda3\\Lib\\site-packages\\skimage\\__init__.py', reloading
INFO:werkzeug: * Detected change in 'C:\\Users\\hugod\\anaconda3\\Lib\\site-packages\\sniffio\\__init__.py', reloading
INFO:werkzeug: * Detected change in 'C:\\Users\\hugod\\anaconda3\\Lib\\site-packages\\sniffio\\_impl.py', reloading
INFO:werkzeug: * Detected change in 'C:\\Users\\hugod\\anaconda3\\Lib\\site-packages\\snowballstemmer\\__init__.py', reloading
INFO:werkzeug: * Detected change in 'C:\\Users\\hugod\\anaconda3\\Lib\\site-packages\\sortedcollections\\__init__.py', reloading
INFO:werkzeug: * Detected change in 'C:\\Users\\hugod\\anaconda3\\Lib\\site-packages\\sortedcontainers\\__init__.py', reloading
INFO:werkzeug: * Detected change in 'C:\\Users\\hugod\\anaconda3\\Lib\\site-packages\\sortedcontainers\\sorteddict.py', reloading
INFO:werkzeug: * Detected change in 'C:\\Users\\hugod\\anaconda3\\Lib\\site-packages\\sortedcontainers\\sortedlist.py', reloading
INFO:werkzeug: * Detected change in 'C:\\Users\\hugod\\anaconda3\\Lib\\site-packages\\sortedcontainers\\sortedset.py', reloading
INFO:werkzeug: * Detected change in 'C:\\Users\\hugod\\anaconda3\\Lib\\site-packages\\sortedcollections\\nearestdict.py', reloading
INFO:werkzeug: * Detected change in 'C:\\Users\\hugod\\anaconda3\\Lib\\site-packages\\sortedcollections\\ordereddict.py', reloading
INFO:werkzeug: * Detected change in 'C:\\Users\\hugod\\anaconda3\\Lib\\site-packages\\sortedcollections\\recipes.py', reloading
INFO:werkzeug: * Detected change in 'C:\\Users\\hugod\\anaconda3\\Lib\\site-packages\\soupsieve\\__init__.py', reloading
INFO:werkzeug: * Detected change in 'C:\\Users\\hugod\\anaconda3\\Lib\\site-packages\\soupsieve\\util.py', reloading
INFO:werkzeug: * Detected change in 'C:\\Users\\hugod\\anaconda3\\Lib\\site-packages\\sphinx\\__init__.py', reloading
INFO:werkzeug: * Detected change in 'C:\\Users\\hugod\\anaconda3\\Lib\\site-packages\\sphinxcontrib\\__init__.py', reloading
INFO:werkzeug: * Detected change in 'C:\\Users\\hugod\\anaconda3\\Lib\\site-packages\\spyder\\__init__.py', reloading
INFO:werkzeug: * Detected change in 'C:\\Users\\hugod\\anaconda3\\Lib\\site-packages\\spyder_kernels\\__init__.py', reloading
INFO:werkzeug: * Detected change in 'C:\\Users\\hugod\\anaconda3\\Lib\\site-packages\\stack_data\\__init__.py', reloading
INFO:werkzeug: * Detected change in 'C:\\Users\\hugod\\anaconda3\\Lib\\site-packages\\statsmodels\\__init__.py', reloading
INFO:werkzeug: * Detected change in 'C:\\Users\\hugod\\anaconda3\\Lib\\site-packages\\statsmodels\\_version.py', reloading
INFO:werkzeug: * Detected change in 'C:\\Users\\hugod\\anaconda3\\Lib\\site-packages\\sympy\\__init__.py', reloading
INFO:werkzeug: * Detected change in 'C:\\Users\\hugod\\anaconda3\\Lib\\site-packages\\sympy\\release.py', reloading
INFO:werkzeug: * Detected change in 'C:\\Users\\hugod\\anaconda3\\Lib\\site-packages\\sympy\\core\\__init__.py', reloading
INFO:werkzeug: * Detected change in 'C:\\Users\\hugod\\anaconda3\\Lib\\site-packages\\sympy\\core\\sympify.py', reloading
INFO:werkzeug: * Detected change in 'C:\\Users\\hugod\\anaconda3\\Lib\\site-packages\\sympy\\core\\cache.py', reloading
INFO:werkzeug: * Detected change in 'C:\\Users\\hugod\\anaconda3\\Lib\\site-packages\\sympy\\core\\basic.py', reloading
INFO:werkzeug: * Detected change in 'C:\\Users\\hugod\\anaconda3\\Lib\\site-packages\\sympy\\core\\traversal.py', reloading
INFO:werkzeug: * Detected change in 'C:\\Users\\hugod\\anaconda3\\Lib\\site-packages\\sympy\\core\\singleton.py', reloading
INFO:werkzeug: * Detected change in 'C:\\Users\\hugod\\anaconda3\\Lib\\site-packages\\sympy\\core\\expr.py', reloading
INFO:werkzeug: * Detected change in 'C:\\Users\\hugod\\anaconda3\\Lib\\site-packages\\sympy\\core\\symbol.py', reloading
INFO:werkzeug: * Detected change in 'C:\\Users\\hugod\\anaconda3\\Lib\\site-packages\\sympy\\core\\numbers.py', reloading
INFO:werkzeug: * Detected change in 'C:\\Users\\hugod\\anaconda3\\Lib\\site-packages\\sympy\\core\\power.py', reloading
INFO:werkzeug: * Detected change in 'C:\\Users\\hugod\\anaconda3\\Lib\\site-packages\\sympy\\core\\mul.py', reloading
INFO:werkzeug: * Detected change in 'C:\\Users\\hugod\\anaconda3\\Lib\\site-packages\\sympy\\core\\add.py', reloading
INFO:werkzeug: * Detected change in 'C:\\Users\\hugod\\anaconda3\\Lib\\site-packages\\sympy\\core\\mod.py', reloading
INFO:werkzeug: * Detected change in 'C:\\Users\\hugod\\anaconda3\\Lib\\site-packages\\sympy\\core\\relational.py', reloading
INFO:werkzeug: * Detected change in 'C:\\Users\\hugod\\anaconda3\\Lib\\site-packages\\sympy\\core\\multidimensional.py', reloading
INFO:werkzeug: * Detected change in 'C:\\Users\\hugod\\anaconda3\\Lib\\site-packages\\sympy\\core\\function.py', reloading
INFO:werkzeug: * Detected change in 'C:\\Users\\hugod\\anaconda3\\Lib\\site-packages\\sympy\\core\\evalf.py', reloading
INFO:werkzeug: * Detected change in 'C:\\Users\\hugod\\anaconda3\\Lib\\site-packages\\sympy\\core\\containers.py', reloading
INFO:werkzeug: * Detected change in 'C:\\Users\\hugod\\anaconda3\\Lib\\site-packages\\sympy\\core\\exprtools.py', reloading
INFO:werkzeug: * Detected change in 'C:\\Users\\hugod\\anaconda3\\Lib\\site-packages\\sympy\\core\\parameters.py', reloading
INFO:werkzeug: * Detected change in 'C:\\Users\\hugod\\anaconda3\\Lib\\site-packages\\sympy\\core\\sorting.py', reloading
INFO:werkzeug: * Detected change in 'C:\\Users\\hugod\\anaconda3\\Lib\\site-packages\\sympy\\logic\\__init__.py', reloading
INFO:werkzeug: * Detected change in 'C:\\Users\\hugod\\anaconda3\\Lib\\site-packages\\sympy\\logic\\boolalg.py', reloading
INFO:werkzeug: * Detected change in 'C:\\Users\\hugod\\anaconda3\\Lib\\site-packages\\sympy\\logic\\inference.py', reloading
INFO:werkzeug: * Detected change in 'C:\\Users\\hugod\\anaconda3\\Lib\\site-packages\\sympy\\assumptions\\__init__.py', reloading
INFO:werkzeug: * Detected change in 'C:\\Users\\hugod\\anaconda3\\Lib\\site-packages\\sympy\\assumptions\\assume.py', reloading
INFO:werkzeug: * Detected change in 'C:\\Users\\hugod\\anaconda3\\Lib\\site-packages\\sympy\\assumptions\\ask.py', reloading
INFO:werkzeug: * Detected change in 'C:\\Users\\hugod\\anaconda3\\Lib\\site-packages\\sympy\\assumptions\\refine.py', reloading
INFO:werkzeug: * Restarting with watchdog (windowsapi)
WARNING:werkzeug: * Debugger is active!
INFO:werkzeug: * Debugger PIN: 389-734-814
INFO:werkzeug: * Detected change in 'C:\\Users\\hugod\\anaconda3\\Lib\\site-packages\\sympy\\simplify\\cse_main.py', reloading
INFO:werkzeug: * Detected change in 'C:\\Users\\hugod\\anaconda3\\Lib\\site-packages\\sympy\\simplify\\epathtools.py', reloading
INFO:werkzeug: * Detected change in 'C:\\Users\\hugod\\anaconda3\\Lib\\site-packages\\sympy\\simplify\\hyperexpand.py', reloading
INFO:werkzeug: * Detected change in 'C:\\Users\\hugod\\anaconda3\\Lib\\site-packages\\sympy\\simplify\\radsimp.py', reloading
INFO:werkzeug: * Detected change in 'C:\\Users\\hugod\\anaconda3\\Lib\\site-packages\\sympy\\simplify\\trigsimp.py', reloading
INFO:werkzeug: * Detected change in 'C:\\Users\\hugod\\anaconda3\\Lib\\site-packages\\sympy\\simplify\\powsimp.py', reloading
INFO:werkzeug: * Detected change in 'C:\\Users\\hugod\\anaconda3\\Lib\\site-packages\\sympy\\simplify\\combsimp.py', reloading
INFO:werkzeug: * Detected change in 'C:\\Users\\hugod\\anaconda3\\Lib\\site-packages\\sympy\\simplify\\gammasimp.py', reloading
INFO:werkzeug: * Detected change in 'C:\\Users\\hugod\\anaconda3\\Lib\\site-packages\\sympy\\simplify\\ratsimp.py', reloading
INFO:werkzeug: * Detected change in 'C:\\Users\\hugod\\anaconda3\\Lib\\site-packages\\sympy\\sets\\__init__.py', reloading
INFO:werkzeug: * Detected change in 'C:\\Users\\hugod\\anaconda3\\Lib\\site-packages\\sympy\\sets\\sets.py', reloading
INFO:werkzeug: * Detected change in 'C:\\Users\\hugod\\anaconda3\\Lib\\site-packages\\sympy\\sets\\fancysets.py', reloading
INFO:werkzeug: * Detected change in 'C:\\Users\\hugod\\anaconda3\\Lib\\site-packages\\sympy\\sets\\contains.py', reloading
INFO:werkzeug: * Detected change in 'C:\\Users\\hugod\\anaconda3\\Lib\\site-packages\\sympy\\sets\\conditionset.py', reloading
INFO:werkzeug: * Detected change in 'C:\\Users\\hugod\\anaconda3\\Lib\\site-packages\\sympy\\sets\\ordinals.py', reloading
INFO:werkzeug: * Detected change in 'C:\\Users\\hugod\\anaconda3\\Lib\\site-packages\\sympy\\sets\\powerset.py', reloading
INFO:werkzeug: * Detected change in 'C:\\Users\\hugod\\anaconda3\\Lib\\site-packages\\sympy\\solvers\\__init__.py', reloading
INFO:werkzeug: * Detected change in 'C:\\Users\\hugod\\anaconda3\\Lib\\site-packages\\sympy\\solvers\\solvers.py', reloading
INFO:werkzeug: * Detected change in 'C:\\Users\\hugod\\anaconda3\\Lib\\site-packages\\sympy\\core\\assumptions.py', reloading
INFO:werkzeug: * Detected change in 'C:\\Users\\hugod\\anaconda3\\Lib\\site-packages\\sympy\\solvers\\diophantine\\__init__.py', reloading
INFO:werkzeug: * Detected change in 'C:\\Users\\hugod\\anaconda3\\Lib\\site-packages\\sympy\\solvers\\diophantine\\diophantine.py', reloading
INFO:werkzeug: * Detected change in 'C:\\Users\\hugod\\anaconda3\\Lib\\site-packages\\sympy\\solvers\\recurr.py', reloading
INFO:werkzeug: * Detected change in 'C:\\Users\\hugod\\anaconda3\\Lib\\site-packages\\sympy\\solvers\\ode\\__init__.py', reloading
INFO:werkzeug: * Detected change in 'C:\\Users\\hugod\\anaconda3\\Lib\\site-packages\\sympy\\solvers\\ode\\subscheck.py', reloading
INFO:werkzeug: * Detected change in 'C:\\Users\\hugod\\anaconda3\\Lib\\site-packages\\sympy\\solvers\\ode\\ode.py', reloading
INFO:werkzeug: * Detected change in 'C:\\Users\\hugod\\anaconda3\\Lib\\site-packages\\sympy\\solvers\\polysys.py', reloading
INFO:werkzeug: * Detected change in 'C:\\Users\\hugod\\anaconda3\\Lib\\site-packages\\sympy\\solvers\\pde.py', reloading
INFO:werkzeug: * Detected change in 'C:\\Users\\hugod\\anaconda3\\Lib\\site-packages\\sympy\\solvers\\deutils.py', reloading
INFO:werkzeug: * Detected change in 'C:\\Users\\hugod\\anaconda3\\Lib\\site-packages\\sympy\\solvers\\inequalities.py', reloading
INFO:werkzeug: * Detected change in 'C:\\Users\\hugod\\anaconda3\\Lib\\site-packages\\sympy\\solvers\\decompogen.py', reloading
INFO:werkzeug: * Detected change in 'C:\\Users\\hugod\\anaconda3\\Lib\\site-packages\\sympy\\solvers\\solveset.py', reloading
INFO:werkzeug: * Detected change in 'C:\\Users\\hugod\\anaconda3\\Lib\\site-packages\\sympy\\matrices\\__init__.py', reloading
INFO:werkzeug: * Detected change in 'C:\\Users\\hugod\\anaconda3\\Lib\\site-packages\\sympy\\matrices\\common.py', reloading
INFO:werkzeug: * Detected change in 'C:\\Users\\hugod\\anaconda3\\Lib\\site-packages\\sympy\\matrices\\dense.py', reloading
INFO:werkzeug: * Detected change in 'C:\\Users\\hugod\\anaconda3\\Lib\\site-packages\\sympy\\matrices\\matrices.py', reloading
INFO:werkzeug: * Detected change in 'C:\\Users\\hugod\\anaconda3\\Lib\\site-packages\\sympy\\matrices\\sparse.py', reloading
INFO:werkzeug: * Detected change in 'C:\\Users\\hugod\\anaconda3\\Lib\\site-packages\\sympy\\matrices\\sparsetools.py', reloading
INFO:werkzeug: * Detected change in 'C:\\Users\\hugod\\anaconda3\\Lib\\site-packages\\sympy\\matrices\\immutable.py', reloading
INFO:werkzeug: * Detected change in 'C:\\Users\\hugod\\anaconda3\\Lib\\site-packages\\sympy\\matrices\\expressions\\__init__.py', reloading
INFO:werkzeug: * Detected change in 'C:\\Users\\hugod\\anaconda3\\Lib\\site-packages\\sympy\\matrices\\expressions\\slice.py', reloading
INFO:werkzeug: * Detected change in 'C:\\Users\\hugod\\anaconda3\\Lib\\site-packages\\sympy\\matrices\\expressions\\blockmatrix.py', reloading
INFO:werkzeug: * Detected change in 'C:\\Users\\hugod\\anaconda3\\Lib\\site-packages\\sympy\\matrices\\expressions\\funcmatrix.py', reloading
INFO:werkzeug: * Detected change in 'C:\\Users\\hugod\\anaconda3\\Lib\\site-packages\\sympy\\matrices\\expressions\\special.py', reloading
INFO:werkzeug: * Detected change in 'C:\\Users\\hugod\\anaconda3\\Lib\\site-packages\\sympy\\matrices\\expressions\\inverse.py', reloading
INFO:werkzeug: * Detected change in 'C:\\Users\\hugod\\anaconda3\\Lib\\site-packages\\sympy\\matrices\\expressions\\matadd.py', reloading
INFO:werkzeug: * Detected change in 'C:\\Users\\hugod\\anaconda3\\Lib\\site-packages\\sympy\\matrices\\expressions\\matmul.py', reloading
INFO:werkzeug: * Detected change in 'C:\\Users\\hugod\\anaconda3\\Lib\\site-packages\\sympy\\matrices\\expressions\\matpow.py', reloading
INFO:werkzeug: * Detected change in 'C:\\Users\\hugod\\anaconda3\\Lib\\site-packages\\sympy\\matrices\\expressions\\matexpr.py', reloading
INFO:werkzeug: * Detected change in 'C:\\Users\\hugod\\anaconda3\\Lib\\site-packages\\sympy\\matrices\\expressions\\trace.py', reloading
INFO:werkzeug: * Detected change in 'C:\\Users\\hugod\\anaconda3\\Lib\\site-packages\\sympy\\matrices\\expressions\\transpose.py', reloading
INFO:werkzeug: * Detected change in 'C:\\Users\\hugod\\anaconda3\\Lib\\site-packages\\sympy\\matrices\\expressions\\adjoint.py', reloading
INFO:werkzeug: * Detected change in 'C:\\Users\\hugod\\anaconda3\\Lib\\site-packages\\sympy\\matrices\\expressions\\hadamard.py', reloading
INFO:werkzeug: * Detected change in 'C:\\Users\\hugod\\anaconda3\\Lib\\site-packages\\sympy\\matrices\\expressions\\determinant.py', reloading
INFO:werkzeug: * Detected change in 'C:\\Users\\hugod\\anaconda3\\Lib\\site-packages\\sympy\\matrices\\expressions\\diagonal.py', reloading
INFO:werkzeug: * Detected change in 'C:\\Users\\hugod\\anaconda3\\Lib\\site-packages\\sympy\\matrices\\expressions\\dotproduct.py', reloading
INFO:werkzeug: * Detected change in 'C:\\Users\\hugod\\anaconda3\\Lib\\site-packages\\sympy\\matrices\\expressions\\kronecker.py', reloading
INFO:werkzeug: * Detected change in 'C:\\Users\\hugod\\anaconda3\\Lib\\site-packages\\sympy\\matrices\\expressions\\permutation.py', reloading
INFO:werkzeug: * Detected change in 'C:\\Users\\hugod\\anaconda3\\Lib\\site-packages\\sympy\\geometry\\__init__.py', reloading
INFO:werkzeug: * Detected change in 'C:\\Users\\hugod\\anaconda3\\Lib\\site-packages\\sympy\\geometry\\point.py', reloading
INFO:werkzeug: * Detected change in 'C:\\Users\\hugod\\anaconda3\\Lib\\site-packages\\sympy\\geometry\\line.py', reloading
INFO:werkzeug: * Detected change in 'C:\\Users\\hugod\\anaconda3\\Lib\\site-packages\\sympy\\geometry\\plane.py', reloading
INFO:werkzeug: * Detected change in 'C:\\Users\\hugod\\anaconda3\\Lib\\site-packages\\sympy\\geometry\\ellipse.py', reloading
INFO:werkzeug: * Detected change in 'C:\\Users\\hugod\\anaconda3\\Lib\\site-packages\\sympy\\geometry\\polygon.py', reloading
INFO:werkzeug: * Detected change in 'C:\\Users\\hugod\\anaconda3\\Lib\\site-packages\\sympy\\geometry\\util.py', reloading
INFO:werkzeug: * Detected change in 'C:\\Users\\hugod\\anaconda3\\Lib\\site-packages\\sympy\\geometry\\exceptions.py', reloading
INFO:werkzeug: * Detected change in 'C:\\Users\\hugod\\anaconda3\\Lib\\site-packages\\sympy\\geometry\\curve.py', reloading
INFO:werkzeug: * Detected change in 'C:\\Users\\hugod\\anaconda3\\Lib\\site-packages\\sympy\\geometry\\parabola.py', reloading
INFO:werkzeug: * Detected change in 'C:\\Users\\hugod\\anaconda3\\Lib\\site-packages\\sympy\\utilities\\__init__.py', reloading
INFO:werkzeug: * Detected change in 'C:\\Users\\hugod\\anaconda3\\Lib\\site-packages\\sympy\\utilities\\iterables.py', reloading
INFO:werkzeug: * Detected change in 'C:\\Users\\hugod\\anaconda3\\Lib\\site-packages\\sympy\\utilities\\misc.py', reloading
INFO:werkzeug: * Detected change in 'C:\\Users\\hugod\\anaconda3\\Lib\\site-packages\\sympy\\utilities\\lambdify.py', reloading
INFO:werkzeug: * Detected change in 'C:\\Users\\hugod\\anaconda3\\Lib\\site-packages\\sympy\\utilities\\source.py', reloading
INFO:werkzeug: * Detected change in 'C:\\Users\\hugod\\anaconda3\\Lib\\site-packages\\sympy\\utilities\\decorator.py', reloading
INFO:werkzeug: * Detected change in 'C:\\Users\\hugod\\anaconda3\\Lib\\site-packages\\sympy\\utilities\\timeutils.py', reloading
INFO:werkzeug: * Detected change in 'C:\\Users\\hugod\\anaconda3\\Lib\\site-packages\\sympy\\integrals\\__init__.py', reloading
INFO:werkzeug: * Detected change in 'C:\\Users\\hugod\\anaconda3\\Lib\\site-packages\\sympy\\integrals\\integrals.py', reloading
INFO:werkzeug: * Detected change in 'C:\\Users\\hugod\\anaconda3\\Lib\\site-packages\\sympy\\integrals\\transforms.py', reloading
INFO:werkzeug: * Detected change in 'C:\\Users\\hugod\\anaconda3\\Lib\\site-packages\\sympy\\integrals\\singularityfunctions.py', reloading
INFO:werkzeug: * Detected change in 'C:\\Users\\hugod\\anaconda3\\Lib\\site-packages\\sympy\\tensor\\__init__.py', reloading
INFO:werkzeug: * Detected change in 'C:\\Users\\hugod\\anaconda3\\Lib\\site-packages\\sympy\\tensor\\indexed.py', reloading
INFO:werkzeug: * Detected change in 'C:\\Users\\hugod\\anaconda3\\Lib\\site-packages\\sympy\\tensor\\index_methods.py', reloading
INFO:werkzeug: * Detected change in 'C:\\Users\\hugod\\anaconda3\\Lib\\site-packages\\sympy\\tensor\\functions.py', reloading
INFO:werkzeug: * Detected change in 'C:\\Users\\hugod\\anaconda3\\Lib\\site-packages\\sympy\\tensor\\array\\__init__.py', reloading
INFO:werkzeug: * Detected change in 'C:\\Users\\hugod\\anaconda3\\Lib\\site-packages\\sympy\\tensor\\array\\dense_ndim_array.py', reloading
INFO:werkzeug: * Detected change in 'C:\\Users\\hugod\\anaconda3\\Lib\\site-packages\\sympy\\tensor\\array\\sparse_ndim_array.py', reloading
INFO:werkzeug: * Detected change in 'C:\\Users\\hugod\\anaconda3\\Lib\\site-packages\\sympy\\tensor\\array\\ndim_array.py', reloading
INFO:werkzeug: * Detected change in 'C:\\Users\\hugod\\anaconda3\\Lib\\site-packages\\sympy\\tensor\\array\\arrayop.py', reloading
INFO:werkzeug: * Detected change in 'C:\\Users\\hugod\\anaconda3\\Lib\\site-packages\\sympy\\parsing\\__init__.py', reloading
INFO:werkzeug: * Detected change in 'C:\\Users\\hugod\\anaconda3\\Lib\\site-packages\\sympy\\parsing\\sympy_parser.py', reloading
INFO:werkzeug: * Detected change in 'C:\\Users\\hugod\\anaconda3\\Lib\\site-packages\\sympy\\calculus\\__init__.py', reloading
INFO:werkzeug: * Detected change in 'C:\\Users\\hugod\\anaconda3\\Lib\\site-packages\\sympy\\calculus\\euler.py', reloading
INFO:werkzeug: * Detected change in 'C:\\Users\\hugod\\anaconda3\\Lib\\site-packages\\sympy\\calculus\\singularities.py', reloading
INFO:werkzeug: * Detected change in 'C:\\Users\\hugod\\anaconda3\\Lib\\site-packages\\sympy\\calculus\\finite_diff.py', reloading
INFO:werkzeug: * Detected change in 'C:\\Users\\hugod\\anaconda3\\Lib\\site-packages\\sympy\\calculus\\util.py', reloading
INFO:werkzeug: * Detected change in 'C:\\Users\\hugod\\anaconda3\\Lib\\site-packages\\sympy\\calculus\\accumulationbounds.py', reloading
INFO:werkzeug: * Detected change in 'C:\\Users\\hugod\\anaconda3\\Lib\\site-packages\\sympy\\algebras\\__init__.py', reloading
INFO:werkzeug: * Detected change in 'C:\\Users\\hugod\\anaconda3\\Lib\\site-packages\\sympy\\algebras\\quaternion.py', reloading
INFO:werkzeug: * Detected change in 'C:\\Users\\hugod\\anaconda3\\Lib\\site-packages\\sympy\\printing\\__init__.py', reloading
INFO:werkzeug: * Detected change in 'C:\\Users\\hugod\\anaconda3\\Lib\\site-packages\\sympy\\printing\\pretty\\__init__.py', reloading
INFO:werkzeug: * Detected change in 'C:\\Users\\hugod\\anaconda3\\Lib\\site-packages\\sympy\\printing\\pretty\\pretty.py', reloading
INFO:werkzeug: * Detected change in 'C:\\Users\\hugod\\anaconda3\\Lib\\site-packages\\sympy\\printing\\latex.py', reloading
INFO:werkzeug: * Detected change in 'C:\\Users\\hugod\\anaconda3\\Lib\\site-packages\\sympy\\printing\\mathml.py', reloading
INFO:werkzeug: * Detected change in 'C:\\Users\\hugod\\anaconda3\\Lib\\site-packages\\sympy\\printing\\python.py', reloading
INFO:werkzeug: * Detected change in 'C:\\Users\\hugod\\anaconda3\\Lib\\site-packages\\sympy\\printing\\pycode.py', reloading
INFO:werkzeug: * Detected change in 'C:\\Users\\hugod\\anaconda3\\Lib\\site-packages\\sympy\\printing\\codeprinter.py', reloading
INFO:werkzeug: * Detected change in 'C:\\Users\\hugod\\anaconda3\\Lib\\site-packages\\sympy\\printing\\glsl.py', reloading
INFO:werkzeug: * Detected change in 'C:\\Users\\hugod\\anaconda3\\Lib\\site-packages\\sympy\\printing\\rcode.py', reloading
INFO:werkzeug: * Detected change in 'C:\\Users\\hugod\\anaconda3\\Lib\\site-packages\\sympy\\printing\\jscode.py', reloading
INFO:werkzeug: * Detected change in 'C:\\Users\\hugod\\anaconda3\\Lib\\site-packages\\sympy\\printing\\julia.py', reloading
INFO:werkzeug: * Detected change in 'C:\\Users\\hugod\\anaconda3\\Lib\\site-packages\\sympy\\printing\\mathematica.py', reloading
INFO:werkzeug: * Detected change in 'C:\\Users\\hugod\\anaconda3\\Lib\\site-packages\\sympy\\printing\\octave.py', reloading
INFO:werkzeug: * Detected change in 'C:\\Users\\hugod\\anaconda3\\Lib\\site-packages\\sympy\\printing\\rust.py', reloading
INFO:werkzeug: * Detected change in 'C:\\Users\\hugod\\anaconda3\\Lib\\site-packages\\sympy\\printing\\gtk.py', reloading
INFO:werkzeug: * Detected change in 'C:\\Users\\hugod\\anaconda3\\Lib\\site-packages\\sympy\\printing\\preview.py', reloading
INFO:werkzeug: * Detected change in 'C:\\Users\\hugod\\anaconda3\\Lib\\site-packages\\sympy\\printing\\repr.py', reloading
INFO:werkzeug: * Detected change in 'C:\\Users\\hugod\\anaconda3\\Lib\\site-packages\\sympy\\printing\\tree.py', reloading
INFO:werkzeug: * Detected change in 'C:\\Users\\hugod\\anaconda3\\Lib\\site-packages\\sympy\\printing\\str.py', reloading
INFO:werkzeug: * Detected change in 'C:\\Users\\hugod\\anaconda3\\Lib\\site-packages\\sympy\\printing\\tableform.py', reloading
INFO:werkzeug: * Detected change in 'C:\\Users\\hugod\\anaconda3\\Lib\\site-packages\\sympy\\printing\\dot.py', reloading
INFO:werkzeug: * Detected change in 'C:\\Users\\hugod\\anaconda3\\Lib\\site-packages\\sympy\\printing\\maple.py', reloading
INFO:werkzeug: * Detected change in 'C:\\Users\\hugod\\anaconda3\\Lib\\site-packages\\sympy\\testing\\__init__.py', reloading
INFO:werkzeug: * Detected change in 'C:\\Users\\hugod\\anaconda3\\Lib\\site-packages\\sympy\\testing\\runtests.py', reloading
INFO:werkzeug: * Detected change in 'C:\\Users\\hugod\\anaconda3\\Lib\\site-packages\\sympy\\plotting\\__init__.py', reloading
INFO:werkzeug: * Detected change in 'C:\\Users\\hugod\\anaconda3\\Lib\\site-packages\\sympy\\plotting\\plot.py', reloading
INFO:werkzeug: * Detected change in 'C:\\Users\\hugod\\anaconda3\\Lib\\site-packages\\sympy\\plotting\\textplot.py', reloading
INFO:werkzeug: * Detected change in 'C:\\Users\\hugod\\anaconda3\\Lib\\site-packages\\sympy\\plotting\\plot_implicit.py', reloading
INFO:werkzeug: * Detected change in 'C:\\Users\\hugod\\anaconda3\\Lib\\site-packages\\sympy\\interactive\\__init__.py', reloading
INFO:werkzeug: * Detected change in 'C:\\Users\\hugod\\anaconda3\\Lib\\site-packages\\sympy\\interactive\\session.py', reloading
INFO:werkzeug: * Detected change in 'C:\\Users\\hugod\\anaconda3\\Lib\\site-packages\\sympy\\interactive\\printing.py', reloading
INFO:werkzeug: * Detected change in 'C:\\Users\\hugod\\anaconda3\\Lib\\site-packages\\sympy\\interactive\\traversal.py', reloading
INFO:werkzeug: * Detected change in 'C:\\Users\\hugod\\anaconda3\\Lib\\site-packages\\tables\\__init__.py', reloading
INFO:werkzeug: * Detected change in 'C:\\Users\\hugod\\anaconda3\\Lib\\site-packages\\tables\\atom.py', reloading
INFO:werkzeug: * Detected change in 'C:\\Users\\hugod\\anaconda3\\Lib\\site-packages\\tables\\description.py', reloading
INFO:werkzeug: * Detected change in 'C:\\Users\\hugod\\anaconda3\\Lib\\site-packages\\tables\\exceptions.py', reloading
INFO:werkzeug: * Detected change in 'C:\\Users\\hugod\\anaconda3\\Lib\\site-packages\\tables\\misc\\enum.py', reloading
INFO:werkzeug: * Detected change in 'C:\\Users\\hugod\\anaconda3\\Lib\\site-packages\\tables\\flavor.py', reloading
INFO:werkzeug: * Detected change in 'C:\\Users\\hugod\\anaconda3\\Lib\\site-packages\\tables\\filters.py', reloading
INFO:werkzeug: * Detected change in 'C:\\Users\\hugod\\anaconda3\\Lib\\site-packages\\tables\\file.py', reloading
INFO:werkzeug: * Detected change in 'C:\\Users\\hugod\\anaconda3\\Lib\\site-packages\\tables\\node.py', reloading
INFO:werkzeug: * Restarting with watchdog (windowsapi)
WARNING:werkzeug: * Debugger is active!
INFO:werkzeug: * Debugger PIN: 389-734-814
INFO:werkzeug: * Detected change in 'C:\\Users\\hugod\\anaconda3\\Lib\\site-packages\\zmq\\sugar\\version.py', reloading
INFO:werkzeug: * Detected change in 'C:\\Users\\hugod\\anaconda3\\Lib\\site-packages\\zope\\__init__.py', reloading
INFO:werkzeug: * Detected change in 'C:\\Users\\hugod\\anaconda3\\Lib\\site-packages\\pythonwin\\pywin\\__init__.py', reloading
INFO:werkzeug: * Restarting with watchdog (windowsapi)
WARNING:werkzeug: * Debugger is active!
INFO:werkzeug: * Debugger PIN: 389-734-814
INFO:werkzeug:127.0.0.1 - - [19/May/2023 15:24:37] "GET / HTTP/1.1" 200 -
INFO:werkzeug:127.0.0.1 - - [19/May/2023 15:24:37] "[33mGET /favicon.ico HTTP/1.1[0m" 404 -
